main.java line 65   new tab?